-- Niveau 5

set w to wall;
set _ to floor;
set e to end;

create terrain
wwwwwwwwwwwwwwwwwwwwwwwww
w_____________w_____w___w
ww_wwwwwwwww_ww___w_w_w_w
w____w________ww_ww_w_w_w
w_ww_w_wwww_www___w_w_w_w
w__w_w_w______w___w___w_w
wwww_w_w_wwww_w_wwwwwww_w
w____w_w______w_________w
w_wwww_wwwwwwwwwww_wwww_w
w__w_w___w____________w_w
wwww_www_w_wwwwwwwwwwww_w
w________w_w______w_____w
w_wwwwwwww_w_ww_w___www_w
w_w________w__wwwww___w_w
w_wwwwwww_www____w__w___w
w_+_____w_w_www_ww_wwww_w
w_wwwww_w_w_____w_____w_w
www_____w_w_wwwwwww_w_w_w
w___wwwww_w_____w_w_w_w_w
w_w_++____wwwww_w_wwwwwww
w_wwwwwwwww___w_w_w_____w
w_w_w__w__w_w_______w_w_w
w_w_w_ww_ww_w_www_w_w_w_w
w_________w___w___w_w_w_w
wwwwwwwwwwwwwwwwwwwwwwwww
;

spawn bookshelf(12,12,15,11);
spawn bookshelf(16,3,15,1);
spawn bookshelf(8,22,9,23);

spawn deadend(4,10,4,7);
spawn deadend(10,7,11,7);
spawn deadend(19,11,22,11);

spawn ladder(2,15,1,16);
spawn ladder(4,19,3,21);
spawn ladder(5,19,9,21);

spawn door(9,18,6,21);
spawn end(23,23,21,18);

spawn chest(2,9,1);
spawn chest(15,1,1);
spawn chest(21,22,1);

spawn chest(3,13,0);
spawn chest(2,5,0);

spawn bat(6,1,(RIGHT*8,LEFT*13,RIGHT*4));
spawn bat(21,3,(UP*2,DOWN*6,UP*3));
spawn bat(5,11,(RIGHT*2,LEFT*7,RIGHT*4));
spawn bat(1,21,(UP*3,DOWN*7,UP*3));
spawn bat(1,11,(DOWN*5,UP*5));

spawn skeleton(23,5,(UP*4,DOWN*14,UP*9));
spawn skeleton(14,11,(RIGHT*3,LEFT*3));
spawn skeleton(20,11,(RIGHT*3,LEFT*3));
spawn skeleton(8,13,(RIGHT*2,LEFT*6,RIGHT*3));
spawn skeleton(15,21,(RIGHT*4,LEFT*7,RIGHT*2));

spawn player(1,1);